------------------------------------------------------------
TimeQuest Timing Analyzer Summary
------------------------------------------------------------

Type  : Slow 1200mV 85C Model Setup 'Clk'
Slack : 5.978
TNS   : 0.000

Type  : Slow 1200mV 85C Model Setup 'altera_reserved_tck'
Slack : 46.417
TNS   : 0.000

Type  : Slow 1200mV 85C Model Hold 'Clk'
Slack : 0.386
TNS   : 0.000

Type  : Slow 1200mV 85C Model Hold 'altera_reserved_tck'
Slack : 0.403
TNS   : 0.000

Type  : Slow 1200mV 85C Model Recovery 'Clk'
Slack : 14.127
TNS   : 0.000

Type  : Slow 1200mV 85C Model Recovery 'altera_reserved_tck'
Slack : 47.963
TNS   : 0.000

Type  : Slow 1200mV 85C Model Removal 'altera_reserved_tck'
Slack : 1.150
TNS   : 0.000

Type  : Slow 1200mV 85C Model Removal 'Clk'
Slack : 3.805
TNS   : 0.000

Type  : Slow 1200mV 85C Model Minimum Pulse Width 'Clk'
Slack : 9.548
TNS   : 0.000

Type  : Slow 1200mV 85C Model Minimum Pulse Width 'altera_reserved_tck'
Slack : 49.556
TNS   : 0.000

Type  : Slow 1200mV 0C Model Setup 'Clk'
Slack : 7.164
TNS   : 0.000

Type  : Slow 1200mV 0C Model Setup 'altera_reserved_tck'
Slack : 46.789
TNS   : 0.000

Type  : Slow 1200mV 0C Model Hold 'Clk'
Slack : 0.338
TNS   : 0.000

Type  : Slow 1200mV 0C Model Hold 'altera_reserved_tck'
Slack : 0.354
TNS   : 0.000

Type  : Slow 1200mV 0C Model Recovery 'Clk'
Slack : 14.753
TNS   : 0.000

Type  : Slow 1200mV 0C Model Recovery 'altera_reserved_tck'
Slack : 48.266
TNS   : 0.000

Type  : Slow 1200mV 0C Model Removal 'altera_reserved_tck'
Slack : 1.049
TNS   : 0.000

Type  : Slow 1200mV 0C Model Removal 'Clk'
Slack : 3.365
TNS   : 0.000

Type  : Slow 1200mV 0C Model Minimum Pulse Width 'Clk'
Slack : 9.556
TNS   : 0.000

Type  : Slow 1200mV 0C Model Minimum Pulse Width 'altera_reserved_tck'
Slack : 49.489
TNS   : 0.000

Type  : Fast 1200mV 0C Model Setup 'Clk'
Slack : 7.107
TNS   : 0.000

Type  : Fast 1200mV 0C Model Setup 'altera_reserved_tck'
Slack : 48.532
TNS   : 0.000

Type  : Fast 1200mV 0C Model Hold 'Clk'
Slack : 0.174
TNS   : 0.000

Type  : Fast 1200mV 0C Model Hold 'altera_reserved_tck'
Slack : 0.182
TNS   : 0.000

Type  : Fast 1200mV 0C Model Recovery 'Clk'
Slack : 16.825
TNS   : 0.000

Type  : Fast 1200mV 0C Model Recovery 'altera_reserved_tck'
Slack : 49.320
TNS   : 0.000

Type  : Fast 1200mV 0C Model Removal 'altera_reserved_tck'
Slack : 0.550
TNS   : 0.000

Type  : Fast 1200mV 0C Model Removal 'Clk'
Slack : 1.929
TNS   : 0.000

Type  : Fast 1200mV 0C Model Minimum Pulse Width 'Clk'
Slack : 9.184
TNS   : 0.000

Type  : Fast 1200mV 0C Model Minimum Pulse Width 'altera_reserved_tck'
Slack : 49.302
TNS   : 0.000

------------------------------------------------------------
